../Core/Src/main.c:49:6:logMsg	16	static
../Core/Src/main.c:54:6:logHex	40	static
../Core/Src/main.c:74:6:sendHCI	16	static
../Core/Src/main.c:78:9:waitResponse	48	static
../Core/Src/main.c:104:6:checkResponse	40	static
../Core/Src/main.c:134:9:HTU21D_Init	24	static
../Core/Src/main.c:153:9:HTU21D_ReadTemperature	32	static
../Core/Src/main.c:174:9:HTU21D_ReadHumidity	32	static
../Core/Src/main.c:199:6:hciReset	56	static
../Core/Src/main.c:208:6:readRandomAddress	72	static
../Core/Src/main.c:226:6:writeRandomAddress	80	static
../Core/Src/main.c:244:6:gattInit	56	static
../Core/Src/main.c:253:6:gapInit	64	static
../Core/Src/main.c:265:6:addGattService	64	static
../Core/Src/main.c:284:6:addTxCharacteristic	72	static
../Core/Src/main.c:313:6:addRxCharacteristic	72	static
../Core/Src/main.c:344:6:setAdvConfig	80	static
../Core/Src/main.c:361:6:setAdvData	104	static
../Core/Src/main.c:382:6:setAdvEnable	64	static
../Core/Src/main.c:397:6:sendNotification	112	static
../Core/Src/main.c:428:6:toUpper	24	static
../Core/Src/main.c:435:9:trimSpaces	16	static
../Core/Src/main.c:447:6:handleVendorEvent	80	static
../Core/Src/main.c:532:5:main	160	static
../Core/Src/main.c:652:6:SystemClock_Config	64	static
../Core/Src/main.c:691:13:MX_I2C1_Init	8	static
../Core/Src/main.c:739:13:MX_USART1_UART_Init	8	static
../Core/Src/main.c:787:13:MX_USART2_UART_Init	8	static
../Core/Src/main.c:823:13:MX_GPIO_Init	48	static
../Core/Src/main.c:857:6:Error_Handler	8	static,ignoring_inline_asm
